[TRACE] a < A >
[TRACE] a < B >
[TRACE] a < C >
[TRACE] f < C >
[TRACE] f < B >
[TRACE] f < A >

